Test Run Start: OpennessStudio/examples/PLC_1
==================================================

Summary: 0 Passed, 0 Failed.
