
--- Logic Runner ---
Running E2E Logic Tests...

--- Cylinder AOI ---
Compiling LD...
PASS: extends on command
PASS: retracts on command
PASS: retract overrides extend when both commanded
PASS: reports extended from sensor
PASS: reports retracted from sensor
PASS: seals extend timeout error
PASS: seals retract timeout error
PASS: clears extend timeout on reset
PASS: clears retract timeout on reset

--- MotorControl AOI ---
Compiling LD...
PASS: latches run on start
PASS: drops run on stop
PASS: latches fault and blocks run
PASS: clears fault on reset
PASS: cannot start motor if fault is active

--- TrafficLight AOI ---
Compiling LD...
PASS: shows green when idle
PASS: starts yellow phase on walk request
PASS: ignores walk request during active cycle
PASS: walk sign follows red light
PASS: only one light active at a time when idle

--- TankLevel AOI ---
Compiling LD...
PASS: increases level when fill command is active
PASS: decreases level when drain command is active
PASS: clamps level at 100%
PASS: clamps level at 0%
PASS: triggers high alarm at 80%
PASS: triggers low alarm at 20%

Running ST Specific Tests...

--- ST Specific Tests ---

--- Testing MotorControl_ST.rungs ---
Compiling ST...
PASS: compiles successfully
Compiling ST...
PASS: runs with default inputs

--- Testing TrafficLight_ST.rungs ---
Compiling ST...
PASS: compiles successfully
Compiling ST...
PASS: runs with default inputs

--- Testing TankLevel_ST.rungs ---
Compiling ST...
PASS: compiles successfully
Compiling ST...
PASS: runs with default inputs

--- Testing Cylinder_ST.rungs ---
Compiling ST...
PASS: compiles successfully
Compiling ST...
PASS: runs with default inputs

--- Testing FBD_TIMER.rungs ---
Compiling ST...
PASS: compiles successfully
Compiling ST...
PASS: runs with default inputs

--- Testing FBD_COUNTER.rungs ---
Compiling ST...
PASS: compiles successfully
Compiling ST...
PASS: runs with default inputs

--- Testing CASE_OF.rungs ---
Compiling ST...
PASS: compiles successfully
Compiling ST...
PASS: runs with default inputs

--- Testing FOR_DO.rungs ---
Compiling ST...
PASS: compiles successfully
Compiling ST...
PASS: runs with default inputs

--- Testing IF_THEN.rungs ---
Compiling ST...
PASS: compiles successfully
Compiling ST...
PASS: runs with default inputs

--- Testing REPEAT_UNTIL.rungs ---
Compiling ST...
PASS: compiles successfully
Compiling ST...
PASS: runs with default inputs

--- Testing WHILE_DO.rungs ---
Compiling ST...
PASS: compiles successfully
Compiling ST...
PASS: runs with default inputs

Running AOI Integration Tests...

--- AOI Integration Tests (Dynamic Execution) ---

--- Testing MotorControl_ST.rungs ---

--- MotorControl AOI ---
Compiling ST...
PASS: latches run on start
Compiling ST...
PASS: drops run on stop
Compiling ST...
PASS: latches fault and blocks run
Compiling ST...
PASS: clears fault on reset

--- Testing TrafficLight_ST.rungs ---

--- TrafficLight AOI ---
Compiling ST...
PASS: shows green when idle
Compiling ST...
PASS: starts yellow phase on walk request
Compiling ST...
PASS: ignores walk request during active cycle
Compiling ST...
PASS: walk sign follows red light
Compiling ST...
PASS: only one light active at a time when idle
Compiling ST...
PASS: only one traffic light active during cycle start

--- Testing TankLevel_ST.rungs ---

--- TankLevel AOI ---
Compiling ST...
PASS: increases level when fill command is active
Compiling ST...
PASS: decreases level when drain command is active
Compiling ST...
PASS: triggers high alarm at 80%
Compiling ST...
PASS: triggers low alarm at 20%

--- Testing Cylinder_ST.rungs ---

--- Cylinder AOI ---
Compiling ST...
PASS: extends on command
Compiling ST...
PASS: retracts on command
Compiling ST...
PASS: retract overrides extend when both commanded
Compiling ST...
PASS: reports extended from sensor
Compiling ST...
PASS: reports retracted from sensor
Compiling ST...
PASS: seals extend timeout error
Compiling ST...
PASS: seals retract timeout error
Compiling ST...
PASS: clears extend timeout on reset
Compiling ST...
PASS: clears retract timeout on reset

--- Testing Cylinder_LD.rungs ---

--- Cylinder LD ---
Compiling LD...
PASS: starts auto mode
Compiling LD...
PASS: stops auto mode
Compiling LD...
Compiling LD...
PASS: latches auto mode
Compiling LD...
PASS: extends when auto and retracted
Compiling LD...
PASS: retracts when auto and extended

--- Testing FBD_TIMER.rungs ---

--- FBD_TIMER AOI ---
Compiling ST...
PASS: provides timer outputs with default inputs

--- Testing FBD_COUNTER.rungs ---

--- FBD_COUNTER AOI ---
Compiling ST...
PASS: increments the accumulator when CountUp is asserted
Compiling ST...
PASS: clears the accumulator when Reset is asserted

--- Testing CASE_OF.rungs ---

--- CASE_OF AOI ---
Compiling ST...
PASS: energizes main discharge valves for batch 1
Compiling ST...
PASS: routes through bypass for batches 2-4
Compiling ST...
PASS: turns all valves off for unknown batches

--- Testing FOR_DO.rungs ---

--- FOR_DO AOI ---
Compiling ST...
PASS: returns the quantity when a barcode is present
Compiling ST...
PASS: returns zero when the barcode is not found
Compiling ST...
PASS: finds the first barcode in the array
Compiling ST...
PASS: finds the last barcode in the array
Compiling ST...
PASS: finds a barcode in the middle of the array
Compiling ST...
PASS: returns zero for barcode value 0
Compiling ST...
PASS: returns zero for negative barcode values

--- Testing IF_THEN.rungs ---

--- IF_THEN AOI ---
Compiling ST...
PASS: raises an alarm and drives high-speed pumping when rejects spike
Compiling ST...
PASS: falls back to standby pumping when tank temperature is low

--- Testing REPEAT_UNTIL.rungs ---

--- REPEAT_UNTIL AOI ---
Compiling ST...
PASS: increments until the threshold is satisfied
Compiling ST...
PASS: runs at least once even when the start value already exceeds the threshold

--- Testing WHILE_DO.rungs ---

--- WHILE_DO AOI ---
Compiling ST...
PASS: loops until the counter meets the threshold
Compiling ST...
PASS: skips the loop when the starting value already meets the threshold

--- Testing CONTACTS_COILS.rungs ---

--- CONTACTS_COILS AOI ---
Compiling LD...
Compiling LD...
Compiling LD...
PASS: series requires both inputs
Compiling LD...
Compiling LD...
PASS: XIO inverts the second input
Compiling LD...
Compiling LD...
Compiling LD...
PASS: parallel passes when either input is set
Compiling LD...
PASS: OTL latches the output
Compiling LD...
PASS: OTU unlatches the output
Compiling LD...
PASS: OTU wins when both latch and unlatch are active

--- Testing TIMER.rungs ---

--- TIMER AOI ---
Compiling LD...
PASS: exposes timer accumulator
Compiling LD...
PASS: timer not done on first scan
Compiling LD...
PASS: timer inactive when enable is off

--- Testing COUNTER.rungs ---

--- COUNTER AOI ---
Compiling LD...
PASS: increments on count up pulse
Compiling LD...
PASS: resets counter to zero

--- Testing MATH.rungs ---

--- MATH AOI ---
Compiling LD...
PASS: accumulator increases by rate each scan
Compiling LD...
PASS: computes integer operations with defaults

--- Testing COMPARE.rungs ---

--- COMPARE AOI ---
Compiling LD...
PASS: all comparisons correct when values are equal
Compiling LD...
PASS: all comparisons correct when sensor is above setpoint
Compiling LD...
PASS: all comparisons correct when sensor is below setpoint
Compiling LD...
PASS: LIMIT standard: true when sensor is within range
Compiling LD...
PASS: LIMIT standard: false when sensor is above range
Compiling LD...
PASS: LIMIT standard: false when sensor is below range
Compiling LD...
PASS: LIMIT standard: true at low boundary
Compiling LD...
PASS: LIMIT standard: true at high boundary

Running JSR Tests...

--- JSR Instruction ---
PASS: successfully calls a subroutine
